2026-06-17 21:13:44,443 INFO     Analizando semana: 2026-W25
2026-06-17 21:13:44,444 INFO     Palabras clave: huelga, paro, movilización, represión, piquete, protesta, marcha, reclamo
2026-06-17 21:13:44,460 INFO     Titulares cargados: 3517
2026-06-17 21:13:44,553 INFO     Snapshot → C:\Users\mflor\OneDrive\Documentos\GitHub\monitor-conflictos\datos\snapshots\2026-W25.csv (29 filas)
2026-06-17 21:13:44,565 INFO     Acumulativo → C:\Users\mflor\OneDrive\Documentos\GitHub\monitor-conflictos\datos\procesados\conflictos.csv (142 filas totales, 29 de esta semana)
2026-06-17 21:13:44,565 INFO     ============================================================
2026-06-17 21:13:44,565 INFO     Titulares leídos:  3517
2026-06-17 21:13:44,566 INFO     Matches totales:   29  (0.8% de detección)
2026-06-17 21:13:44,566 INFO     ────────────────────────────────────────
2026-06-17 21:13:44,566 INFO     Menciones por palabra clave:
2026-06-17 21:13:44,566 INFO       paro              13
2026-06-17 21:13:44,566 INFO       reclamo           10
2026-06-17 21:13:44,566 INFO       protesta           3
2026-06-17 21:13:44,566 INFO       marcha             3
2026-06-17 21:13:44,566 INFO       movilización       1
2026-06-17 21:13:44,566 INFO     ────────────────────────────────────────
2026-06-17 21:13:44,567 INFO     Excluidos por filtro de bigramas:
2026-06-17 21:13:44,567 INFO       marcha             6
2026-06-17 21:13:44,567 INFO     ────────────────────────────────────────
2026-06-17 21:13:44,567 INFO     Menciones por corpus:
2026-06-17 21:13:44,567 INFO       provincial        23
2026-06-17 21:13:44,567 INFO       nacional           6
2026-06-17 21:13:44,567 INFO     ────────────────────────────────────────
2026-06-17 21:13:44,567 INFO     Top 5 medios con más menciones:
2026-06-17 21:13:44,568 INFO         3  AIRE DIGITAL
2026-06-17 21:13:44,568 INFO         3  EL DIARIO DE LA PAMPA
2026-06-17 21:13:44,568 INFO         2  EL DÍA
2026-06-17 21:13:44,568 INFO         2  NOTICIASNET
2026-06-17 21:13:44,568 INFO         2  RED 23 NOTICIAS
2026-06-17 21:13:44,568 INFO     ============================================================
2026-06-17 21:36:02,072 INFO     Analizando semana: 2026-W25
2026-06-17 21:36:02,073 INFO     Palabras clave: huelga, paro, movilización, represión, piquete, protesta, marcha, reclamo, conflicto
2026-06-17 21:36:02,082 INFO     Titulares cargados: 3517
2026-06-17 21:36:02,183 INFO     Snapshot → C:\Users\mflor\OneDrive\Documentos\GitHub\monitor-conflictos\datos\snapshots\2026-W25.csv (38 filas)
2026-06-17 21:36:02,221 INFO     Acumulativo → C:\Users\mflor\OneDrive\Documentos\GitHub\monitor-conflictos\datos\procesados\conflictos.csv (169 filas totales, 38 de esta semana)
2026-06-17 21:36:02,221 INFO     ============================================================
2026-06-17 21:36:02,221 INFO     Titulares leídos:  3517
2026-06-17 21:36:02,221 INFO     Matches totales:   38  (1.1% de detección)
2026-06-17 21:36:02,221 INFO     ────────────────────────────────────────
2026-06-17 21:36:02,221 INFO     Menciones por palabra clave:
2026-06-17 21:36:02,222 INFO       paro              13
2026-06-17 21:36:02,222 INFO       reclamo           10
2026-06-17 21:36:02,222 INFO       conflicto         10
2026-06-17 21:36:02,222 INFO       protesta           3
2026-06-17 21:36:02,222 INFO       marcha             3
2026-06-17 21:36:02,222 INFO       movilización       1
2026-06-17 21:36:02,222 INFO     ────────────────────────────────────────
2026-06-17 21:36:02,222 INFO     Excluidos por filtro de bigramas:
2026-06-17 21:36:02,222 INFO       marcha             6
2026-06-17 21:36:02,222 INFO     ────────────────────────────────────────
2026-06-17 21:36:02,222 INFO     Menciones por corpus:
2026-06-17 21:36:02,222 INFO       provincial        31
2026-06-17 21:36:02,222 INFO       nacional           7
2026-06-17 21:36:02,222 INFO     ────────────────────────────────────────
2026-06-17 21:36:02,222 INFO     Top 5 medios con más menciones:
2026-06-17 21:36:02,223 INFO         4  AIRE DIGITAL
2026-06-17 21:36:02,223 INFO         3  EL DIARIO DE LA PAMPA
2026-06-17 21:36:02,223 INFO         3  RED 23 NOTICIAS
2026-06-17 21:36:02,223 INFO         2  EL DÍA
2026-06-17 21:36:02,223 INFO         2  NUEVO DIARIO
2026-06-17 21:36:02,223 INFO     ============================================================
2026-06-18 14:40:45,685 INFO     Analizando semana: 2026-W25
2026-06-18 14:40:45,685 INFO     Palabras clave: huelga, paro, movilización, represión, piquete, protesta, marcha, reclamo
2026-06-18 14:40:45,702 INFO     Titulares cargados: 3517
2026-06-18 14:40:45,793 INFO     Snapshot → C:\Users\mflor\OneDrive\Documentos\GitHub\monitor-conflictos\datos\snapshots\2026-W25.csv (29 filas)
2026-06-18 14:40:45,834 INFO     Acumulativo → C:\Users\mflor\OneDrive\Documentos\GitHub\monitor-conflictos\datos\procesados\conflictos.csv (142 filas totales, 29 de esta semana)
2026-06-18 14:40:45,834 INFO     ============================================================
2026-06-18 14:40:45,834 INFO     Titulares leídos:  3517
2026-06-18 14:40:45,834 INFO     Matches totales:   29  (0.8% de detección)
2026-06-18 14:40:45,834 INFO     ────────────────────────────────────────
2026-06-18 14:40:45,834 INFO     Menciones por palabra clave:
2026-06-18 14:40:45,834 INFO       paro              13
2026-06-18 14:40:45,834 INFO       reclamo           10
2026-06-18 14:40:45,836 INFO       protesta           3
2026-06-18 14:40:45,836 INFO       marcha             3
2026-06-18 14:40:45,836 INFO       movilización       1
2026-06-18 14:40:45,836 INFO     ────────────────────────────────────────
2026-06-18 14:40:45,836 INFO     Excluidos por filtro de bigramas:
2026-06-18 14:40:45,836 INFO       marcha             6
2026-06-18 14:40:45,836 INFO     ────────────────────────────────────────
2026-06-18 14:40:45,836 INFO     Menciones por corpus:
2026-06-18 14:40:45,836 INFO       provincial        23
2026-06-18 14:40:45,836 INFO       nacional           6
2026-06-18 14:40:45,836 INFO     ────────────────────────────────────────
2026-06-18 14:40:45,836 INFO     Top 5 medios con más menciones:
2026-06-18 14:40:45,836 INFO         3  AIRE DIGITAL
2026-06-18 14:40:45,837 INFO         3  EL DIARIO DE LA PAMPA
2026-06-18 14:40:45,837 INFO         2  EL DÍA
2026-06-18 14:40:45,837 INFO         2  NOTICIASNET
2026-06-18 14:40:45,837 INFO         2  RED 23 NOTICIAS
2026-06-18 14:40:45,837 INFO     ============================================================
2026-06-18 15:10:47,690 INFO     Analizando semana: 2026-W25
2026-06-18 15:10:47,690 INFO     Palabras clave: huelga, paro, movilización, represión, piquete, protesta, marcha, reclamo
2026-06-18 15:10:47,717 INFO     Titulares cargados: 3561
2026-06-18 15:10:47,813 INFO     Snapshot → C:\Users\mflor\OneDrive\Documentos\GitHub\monitor-conflictos\datos\snapshots\2026-W25.csv (20 filas)
2026-06-18 15:10:47,814 INFO     Acumulativo → C:\Users\mflor\OneDrive\Documentos\GitHub\monitor-conflictos\datos\procesados\conflictos.csv (133 filas totales, 20 de esta semana)
2026-06-18 15:10:47,814 INFO     ============================================================
2026-06-18 15:10:47,815 INFO     Titulares leídos:  3561
2026-06-18 15:10:47,815 INFO     Matches totales:   20  (0.6% de detección)
2026-06-18 15:10:47,815 INFO     ────────────────────────────────────────
2026-06-18 15:10:47,815 INFO     Menciones por palabra clave:
2026-06-18 15:10:47,815 INFO       paro               6
2026-06-18 15:10:47,815 INFO       reclamo            6
2026-06-18 15:10:47,815 INFO       marcha             4
2026-06-18 15:10:47,815 INFO       movilización       3
2026-06-18 15:10:47,815 INFO       protesta           1
2026-06-18 15:10:47,815 INFO     ────────────────────────────────────────
2026-06-18 15:10:47,815 INFO     Excluidos por filtro de bigramas:
2026-06-18 15:10:47,815 INFO       marcha            13
2026-06-18 15:10:47,815 INFO     ────────────────────────────────────────
2026-06-18 15:10:47,815 INFO     Menciones por corpus:
2026-06-18 15:10:47,815 INFO       provincial        18
2026-06-18 15:10:47,815 INFO       nacional           2
2026-06-18 15:10:47,815 INFO     ────────────────────────────────────────
2026-06-18 15:10:47,815 INFO     Top 5 medios con más menciones:
2026-06-18 15:10:47,816 INFO         2  ELONCE
2026-06-18 15:10:47,816 INFO         2  LA UNIÓN
2026-06-18 15:10:47,816 INFO         2  NUEVO DIARIO
2026-06-18 15:10:47,816 INFO         2  EL COMERCIAL
2026-06-18 15:10:47,816 INFO         2  NUEVO DÍA
2026-06-18 15:10:47,816 INFO     ============================================================
