2026-04-30 21:40:50,783 INFO     Analizando semana: 2026-W18
2026-04-30 21:40:50,785 INFO     Palabras clave: huelga, paro, movilización, represión, piquete, protesta, marcha, reclamo
2026-04-30 21:40:50,791 INFO     Titulares cargados: 3589
2026-04-30 21:40:50,883 INFO     Snapshot → C:\Users\mflor\OneDrive\Documentos\GitHub\monitor-conflictos\datos\snapshots\2026-W18.csv (75 filas)
2026-04-30 21:40:50,886 INFO     Acumulativo → C:\Users\mflor\OneDrive\Documentos\GitHub\monitor-conflictos\datos\procesados\conflictos.csv (75 filas totales, 75 de esta semana)
2026-04-30 21:40:50,886 INFO     ============================================================
2026-04-30 21:40:50,886 INFO     Titulares leídos:  3589
2026-04-30 21:40:50,886 INFO     Matches totales:   75  (2.1% de detección)
2026-04-30 21:40:50,886 INFO     ────────────────────────────────────────
2026-04-30 21:40:50,886 INFO     Menciones por palabra clave:
2026-04-30 21:40:50,886 INFO       marcha            32
2026-04-30 21:40:50,886 INFO       paro              16
2026-04-30 21:40:50,886 INFO       reclamo            9
2026-04-30 21:40:50,886 INFO       protesta           8
2026-04-30 21:40:50,886 INFO       movilización       8
2026-04-30 21:40:50,886 INFO       represión          2
2026-04-30 21:40:50,886 INFO       huelga             2
2026-04-30 21:40:50,886 INFO       piquete            1
2026-04-30 21:40:50,886 INFO     ────────────────────────────────────────
2026-04-30 21:40:50,886 INFO     Menciones por corpus:
2026-04-30 21:40:50,886 INFO       provincial        64
2026-04-30 21:40:50,886 INFO       nacional          11
2026-04-30 21:40:50,886 INFO     ────────────────────────────────────────
2026-04-30 21:40:50,886 INFO     Top 5 medios con más menciones:
2026-04-30 21:40:50,886 INFO         5  RED 23 NOTICIAS
2026-04-30 21:40:50,886 INFO         4  EL DIARIO DE LA PAMPA
2026-04-30 21:40:50,886 INFO         3  HUARPE
2026-04-30 21:40:50,886 INFO         3  EL CORDILLERANO
2026-04-30 21:40:50,886 INFO         2  EL DÍA
2026-04-30 21:40:50,886 INFO     ============================================================
2026-06-01 19:32:05,019 INFO     Analizando semana: 2026-W18
2026-06-01 19:32:05,019 INFO     Palabras clave: huelga, paro, movilización, represión, piquete, protesta, marcha, reclamo
2026-06-01 19:32:05,019 INFO     Titulares cargados: 3589
2026-06-01 19:32:05,122 INFO     Snapshot → C:\Users\mflor\OneDrive\Documentos\GitHub\monitor-conflictos\datos\snapshots\2026-W18.csv (68 filas)
2026-06-01 19:32:05,161 INFO     Acumulativo → C:\Users\mflor\OneDrive\Documentos\GitHub\monitor-conflictos\datos\procesados\conflictos.csv (113 filas totales, 68 de esta semana)
2026-06-01 19:32:05,161 INFO     ============================================================
2026-06-01 19:32:05,161 INFO     Titulares leídos:  3589
2026-06-01 19:32:05,161 INFO     Matches totales:   68  (1.9% de detección)
2026-06-01 19:32:05,161 INFO     ────────────────────────────────────────
2026-06-01 19:32:05,161 INFO     Menciones por palabra clave:
2026-06-01 19:32:05,161 INFO       marcha            25
2026-06-01 19:32:05,161 INFO       paro              16
2026-06-01 19:32:05,161 INFO       reclamo            9
2026-06-01 19:32:05,161 INFO       protesta           8
2026-06-01 19:32:05,161 INFO       movilización       8
2026-06-01 19:32:05,161 INFO       represión          2
2026-06-01 19:32:05,161 INFO       huelga             2
2026-06-01 19:32:05,161 INFO       piquete            1
2026-06-01 19:32:05,161 INFO     ────────────────────────────────────────
2026-06-01 19:32:05,161 INFO     Excluidos por filtro de bigramas:
2026-06-01 19:32:05,161 INFO       marcha             7
2026-06-01 19:32:05,161 INFO     ────────────────────────────────────────
2026-06-01 19:32:05,161 INFO     Menciones por corpus:
2026-06-01 19:32:05,161 INFO       provincial        57
2026-06-01 19:32:05,161 INFO       nacional          11
2026-06-01 19:32:05,161 INFO     ────────────────────────────────────────
2026-06-01 19:32:05,161 INFO     Top 5 medios con más menciones:
2026-06-01 19:32:05,161 INFO         5  RED 23 NOTICIAS
2026-06-01 19:32:05,161 INFO         4  EL DIARIO DE LA PAMPA
2026-06-01 19:32:05,161 INFO         3  EL CORDILLERANO
2026-06-01 19:32:05,161 INFO         2  5 DÍAS
2026-06-01 19:32:05,161 INFO         2  UNO ENTRE RÍOS
2026-06-01 19:32:05,161 INFO     ============================================================
2026-06-17 21:36:01,669 INFO     Analizando semana: 2026-W18
2026-06-17 21:36:01,670 INFO     Palabras clave: huelga, paro, movilización, represión, piquete, protesta, marcha, reclamo, conflicto
2026-06-17 21:36:01,687 INFO     Titulares cargados: 3589
2026-06-17 21:36:01,791 INFO     Snapshot → C:\Users\mflor\OneDrive\Documentos\GitHub\monitor-conflictos\datos\snapshots\2026-W18.csv (78 filas)
2026-06-17 21:36:01,793 INFO     Acumulativo → C:\Users\mflor\OneDrive\Documentos\GitHub\monitor-conflictos\datos\procesados\conflictos.csv (152 filas totales, 78 de esta semana)
2026-06-17 21:36:01,793 INFO     ============================================================
2026-06-17 21:36:01,793 INFO     Titulares leídos:  3589
2026-06-17 21:36:01,793 INFO     Matches totales:   78  (2.2% de detección)
2026-06-17 21:36:01,793 INFO     ────────────────────────────────────────
2026-06-17 21:36:01,793 INFO     Menciones por palabra clave:
2026-06-17 21:36:01,793 INFO       marcha            25
2026-06-17 21:36:01,793 INFO       paro              16
2026-06-17 21:36:01,793 INFO       conflicto         11
2026-06-17 21:36:01,793 INFO       reclamo            9
2026-06-17 21:36:01,793 INFO       protesta           8
2026-06-17 21:36:01,793 INFO       movilización       8
2026-06-17 21:36:01,793 INFO       represión          2
2026-06-17 21:36:01,793 INFO       huelga             2
2026-06-17 21:36:01,793 INFO       piquete            1
2026-06-17 21:36:01,794 INFO     ────────────────────────────────────────
2026-06-17 21:36:01,794 INFO     Excluidos por filtro de bigramas:
2026-06-17 21:36:01,794 INFO       marcha             7
2026-06-17 21:36:01,794 INFO     ────────────────────────────────────────
2026-06-17 21:36:01,794 INFO     Menciones por corpus:
2026-06-17 21:36:01,794 INFO       provincial        65
2026-06-17 21:36:01,794 INFO       nacional          13
2026-06-17 21:36:01,794 INFO     ────────────────────────────────────────
2026-06-17 21:36:01,794 INFO     Top 5 medios con más menciones:
2026-06-17 21:36:01,794 INFO         6  RED 23 NOTICIAS
2026-06-17 21:36:01,795 INFO         4  EL DIARIO DE LA PAMPA
2026-06-17 21:36:01,795 INFO         3  EL CORDILLERANO
2026-06-17 21:36:01,795 INFO         3  PERFIL
2026-06-17 21:36:01,795 INFO         2  5 DÍAS
2026-06-17 21:36:01,795 INFO     ============================================================
2026-06-18 14:40:45,196 INFO     Analizando semana: 2026-W18
2026-06-18 14:40:45,197 INFO     Palabras clave: huelga, paro, movilización, represión, piquete, protesta, marcha, reclamo
2026-06-18 14:40:45,228 INFO     Titulares cargados: 3589
2026-06-18 14:40:45,323 INFO     Snapshot → C:\Users\mflor\OneDrive\Documentos\GitHub\monitor-conflictos\datos\snapshots\2026-W18.csv (68 filas)
2026-06-18 14:40:45,380 INFO     Acumulativo → C:\Users\mflor\OneDrive\Documentos\GitHub\monitor-conflictos\datos\procesados\conflictos.csv (159 filas totales, 68 de esta semana)
2026-06-18 14:40:45,381 INFO     ============================================================
2026-06-18 14:40:45,381 INFO     Titulares leídos:  3589
2026-06-18 14:40:45,381 INFO     Matches totales:   68  (1.9% de detección)
2026-06-18 14:40:45,381 INFO     ────────────────────────────────────────
2026-06-18 14:40:45,381 INFO     Menciones por palabra clave:
2026-06-18 14:40:45,381 INFO       marcha            25
2026-06-18 14:40:45,381 INFO       paro              16
2026-06-18 14:40:45,381 INFO       reclamo            9
2026-06-18 14:40:45,381 INFO       protesta           8
2026-06-18 14:40:45,381 INFO       movilización       8
2026-06-18 14:40:45,381 INFO       represión          2
2026-06-18 14:40:45,381 INFO       huelga             2
2026-06-18 14:40:45,381 INFO       piquete            1
2026-06-18 14:40:45,381 INFO     ────────────────────────────────────────
2026-06-18 14:40:45,381 INFO     Excluidos por filtro de bigramas:
2026-06-18 14:40:45,381 INFO       marcha             7
2026-06-18 14:40:45,381 INFO     ────────────────────────────────────────
2026-06-18 14:40:45,381 INFO     Menciones por corpus:
2026-06-18 14:40:45,381 INFO       provincial        57
2026-06-18 14:40:45,381 INFO       nacional          11
2026-06-18 14:40:45,381 INFO     ────────────────────────────────────────
2026-06-18 14:40:45,381 INFO     Top 5 medios con más menciones:
2026-06-18 14:40:45,382 INFO         5  RED 23 NOTICIAS
2026-06-18 14:40:45,382 INFO         4  EL DIARIO DE LA PAMPA
2026-06-18 14:40:45,382 INFO         3  EL CORDILLERANO
2026-06-18 14:40:45,382 INFO         2  5 DÍAS
2026-06-18 14:40:45,382 INFO         2  UNO ENTRE RÍOS
2026-06-18 14:40:45,382 INFO     ============================================================
