2026-06-01 18:28:30,472 INFO     Analizando semana: 2026-W23
2026-06-01 18:28:30,473 INFO     Palabras clave: huelga, paro, movilización, represión, piquete, protesta, marcha, reclamo
2026-06-01 18:28:30,491 INFO     Titulares cargados: 3566
2026-06-01 18:28:30,583 INFO     Snapshot → C:\Users\mflor\OneDrive\Documentos\GitHub\monitor-conflictos\datos\snapshots\2026-W23.csv (56 filas)
2026-06-01 18:28:30,602 INFO     Acumulativo → C:\Users\mflor\OneDrive\Documentos\GitHub\monitor-conflictos\datos\procesados\conflictos.csv (131 filas totales, 56 de esta semana)
2026-06-01 18:28:30,602 INFO     ============================================================
2026-06-01 18:28:30,602 INFO     Titulares leídos:  3566
2026-06-01 18:28:30,603 INFO     Matches totales:   56  (1.6% de detección)
2026-06-01 18:28:30,603 INFO     ────────────────────────────────────────
2026-06-01 18:28:30,603 INFO     Menciones por palabra clave:
2026-06-01 18:28:30,603 INFO       marcha            29
2026-06-01 18:28:30,603 INFO       paro              18
2026-06-01 18:28:30,603 INFO       reclamo            9
2026-06-01 18:28:30,603 INFO       movilización       4
2026-06-01 18:28:30,603 INFO       protesta           2
2026-06-01 18:28:30,603 INFO     ────────────────────────────────────────
2026-06-01 18:28:30,603 INFO     Menciones por corpus:
2026-06-01 18:28:30,603 INFO       provincial        52
2026-06-01 18:28:30,603 INFO       nacional           4
2026-06-01 18:28:30,603 INFO     ────────────────────────────────────────
2026-06-01 18:28:30,603 INFO     Top 5 medios con más menciones:
2026-06-01 18:28:30,604 INFO         4  EL ZONDA
2026-06-01 18:28:30,604 INFO         3  NORTE
2026-06-01 18:28:30,604 INFO         3  TIEMPO SUR
2026-06-01 18:28:30,604 INFO         3  RED 23 NOTICIAS
2026-06-01 18:28:30,604 INFO         2  EL DIARIO
2026-06-01 18:28:30,604 INFO     ============================================================
2026-06-01 19:07:44,190 INFO     Analizando semana: 2026-W23
2026-06-01 19:07:44,190 INFO     Palabras clave: huelga, paro, movilización, represión, piquete, protesta, marcha, reclamo
2026-06-01 19:07:44,190 INFO     Titulares cargados: 3566
2026-06-01 19:07:44,293 INFO     Snapshot → C:\Users\mflor\OneDrive\Documentos\GitHub\monitor-conflictos\datos\snapshots\2026-W23.csv (56 filas)
2026-06-01 19:07:44,293 INFO     Acumulativo → C:\Users\mflor\OneDrive\Documentos\GitHub\monitor-conflictos\datos\procesados\conflictos.csv (131 filas totales, 56 de esta semana)
2026-06-01 19:07:44,293 INFO     ============================================================
2026-06-01 19:07:44,293 INFO     Titulares leídos:  3566
2026-06-01 19:07:44,293 INFO     Matches totales:   56  (1.6% de detección)
2026-06-01 19:07:44,293 INFO     ────────────────────────────────────────
2026-06-01 19:07:44,293 INFO     Menciones por palabra clave:
2026-06-01 19:07:44,293 INFO       marcha            29
2026-06-01 19:07:44,293 INFO       paro              18
2026-06-01 19:07:44,293 INFO       reclamo            9
2026-06-01 19:07:44,293 INFO       movilización       4
2026-06-01 19:07:44,293 INFO       protesta           2
2026-06-01 19:07:44,293 INFO     ────────────────────────────────────────
2026-06-01 19:07:44,293 INFO     Menciones por corpus:
2026-06-01 19:07:44,293 INFO       provincial        52
2026-06-01 19:07:44,293 INFO       nacional           4
2026-06-01 19:07:44,293 INFO     ────────────────────────────────────────
2026-06-01 19:07:44,293 INFO     Top 5 medios con más menciones:
2026-06-01 19:07:44,293 INFO         4  EL ZONDA
2026-06-01 19:07:44,293 INFO         3  NORTE
2026-06-01 19:07:44,293 INFO         3  TIEMPO SUR
2026-06-01 19:07:44,293 INFO         3  RED 23 NOTICIAS
2026-06-01 19:07:44,293 INFO         2  EL DIARIO
2026-06-01 19:07:44,293 INFO     ============================================================
2026-06-01 19:30:00,042 INFO     Analizando semana: 2026-W23
2026-06-01 19:30:00,043 INFO     Palabras clave: huelga, paro, movilización, represión, piquete, protesta, marcha, reclamo
2026-06-01 19:30:00,051 INFO     Titulares cargados: 3566
2026-06-01 19:30:00,140 INFO     Snapshot → C:\Users\mflor\OneDrive\Documentos\GitHub\monitor-conflictos\datos\snapshots\2026-W23.csv (45 filas)
2026-06-01 19:30:00,183 INFO     Acumulativo → C:\Users\mflor\OneDrive\Documentos\GitHub\monitor-conflictos\datos\procesados\conflictos.csv (120 filas totales, 45 de esta semana)
2026-06-01 19:30:00,183 INFO     ============================================================
2026-06-01 19:30:00,183 INFO     Titulares leídos:  3566
2026-06-01 19:30:00,183 INFO     Matches totales:   45  (1.3% de detección)
2026-06-01 19:30:00,183 INFO     ────────────────────────────────────────
2026-06-01 19:30:00,183 INFO     Menciones por palabra clave:
2026-06-01 19:30:00,183 INFO       marcha            18
2026-06-01 19:30:00,183 INFO       paro              18
2026-06-01 19:30:00,183 INFO       reclamo            9
2026-06-01 19:30:00,183 INFO       movilización       4
2026-06-01 19:30:00,183 INFO       protesta           2
2026-06-01 19:30:00,183 INFO     ────────────────────────────────────────
2026-06-01 19:30:00,183 INFO     Excluidos por filtro de bigramas:
2026-06-01 19:30:00,183 INFO       marcha            11
2026-06-01 19:30:00,183 INFO     ────────────────────────────────────────
2026-06-01 19:30:00,183 INFO     Menciones por corpus:
2026-06-01 19:30:00,183 INFO       provincial        41
2026-06-01 19:30:00,183 INFO       nacional           4
2026-06-01 19:30:00,183 INFO     ────────────────────────────────────────
2026-06-01 19:30:00,183 INFO     Top 5 medios con más menciones:
2026-06-01 19:30:00,185 INFO         3  NORTE
2026-06-01 19:30:00,185 INFO         3  RED 23 NOTICIAS
2026-06-01 19:30:00,185 INFO         2  EL DIARIO
2026-06-01 19:30:00,185 INFO         2  MDZ ONLINE
2026-06-01 19:30:00,185 INFO         2  EL ESQUIÚ
2026-06-01 19:30:00,185 INFO     ============================================================
