2026-06-22 23:00:43,655 INFO     Semana: 2026-W26 | Medios a procesar: 79 (69 prov. + 10 nac.)
2026-06-22 23:00:43,655 INFO     ============================================================
2026-06-22 23:00:43,658 INFO     [PROVINCIAL] EL DÍA (Buenos Aires) — https://www.eldia.com
2026-06-22 23:00:44,110 INFO       → OK | 50 titulares extraídos
2026-06-22 23:00:46,121 INFO     [PROVINCIAL] EN ORSAI (Buenos Aires) — https://www.enorsai.com.ar
2026-06-22 23:00:59,373 INFO       → OK | 48 titulares extraídos
2026-06-22 23:01:01,388 INFO     [PROVINCIAL] 5 DÍAS (Buenos Aires) — https://www.diario5dias.com.ar
2026-06-22 23:01:02,288 INFO       → OK | 32 titulares extraídos
2026-06-22 23:01:04,289 INFO     [PROVINCIAL] LA VOZ DEL INTERIOR (Córdoba) — https://www.lavoz.com.ar
2026-06-22 23:01:04,506 INFO       → OK | 50 titulares extraídos
2026-06-22 23:01:06,507 INFO     [PROVINCIAL] EL DIARIO (Córdoba) — https://www.eldiariodecarlospaz.com.ar
2026-06-22 23:01:06,875 INFO       → OK | 50 titulares extraídos
2026-06-22 23:01:08,876 INFO     [PROVINCIAL] EL DIARIO DEL CENTRO DEL PAÍS (Córdoba) — https://www.eldiariocba.com.ar
2026-06-22 23:01:09,133 INFO       → OK | 50 titulares extraídos
2026-06-22 23:01:11,134 INFO     [PROVINCIAL] EL DIARIO (Entre Ríos) — https://www.eldiario.com.ar
2026-06-22 23:01:12,139 INFO       → OK | 30 titulares extraídos
2026-06-22 23:01:14,140 INFO     [PROVINCIAL] ELONCE (Entre Ríos) — https://www.elonce.com
2026-06-22 23:01:14,468 INFO       → OK | 50 titulares extraídos
2026-06-22 23:01:16,470 INFO     [PROVINCIAL] UNO ENTRE RÍOS (Entre Ríos) — https://www.unoentrerios.com.ar
2026-06-22 23:01:17,208 INFO       → OK | 50 titulares extraídos
2026-06-22 23:01:19,218 INFO     [PROVINCIAL] RAFAELA NOTICIAS (Santa Fe) — https://www.rafaelanoticias.com.ar
2026-06-22 23:01:19,298 WARNING    → FALLO (ConnectionError) | sin titulares
2026-06-22 23:01:21,303 INFO     [PROVINCIAL] LA CAPITAL (Santa Fe) — https://www.lacapital.com.ar
2026-06-22 23:01:21,544 INFO       → OK | 50 titulares extraídos
2026-06-22 23:01:23,553 INFO     [PROVINCIAL] AIRE DIGITAL (Santa Fe) — https://www.airedesantafe.com.ar
2026-06-22 23:01:24,072 INFO       → OK | 50 titulares extraídos
2026-06-22 23:01:26,073 INFO     [PROVINCIAL] DIARIO UNO (Mendoza) — https://www.diariouno.com.ar
2026-06-22 23:01:26,554 INFO       → OK | 50 titulares extraídos
2026-06-22 23:01:28,556 INFO     [PROVINCIAL] LOS ANDES (Mendoza) — https://www.losandes.com.ar
2026-06-22 23:01:29,206 INFO       → OK | 50 titulares extraídos
2026-06-22 23:01:31,221 INFO     [PROVINCIAL] MDZ ONLINE (Mendoza) — https://www.mdzol.com
2026-06-22 23:01:31,762 INFO       → OK | 50 titulares extraídos
2026-06-22 23:01:33,763 INFO     [PROVINCIAL] DIARIO DE CUYO (San Juan) — https://www.diariodecuyo.com.ar
2026-06-22 23:01:34,230 INFO       → OK | 50 titulares extraídos
2026-06-22 23:01:36,233 INFO     [PROVINCIAL] EL ZONDA (San Juan) — https://www.diarioelzondasj.com.ar
2026-06-22 23:01:36,573 INFO       → OK | 50 titulares extraídos
2026-06-22 23:01:38,578 INFO     [PROVINCIAL] HUARPE (San Juan) — https://www.diariohuarpe.com
2026-06-22 23:01:39,493 INFO       → OK | 50 titulares extraídos
2026-06-22 23:01:41,499 INFO     [PROVINCIAL] DIARIO DE LA REPÚBLICA (San Luis) — https://www.eldiariodelarepublica.com
2026-06-22 23:01:42,414 INFO       → OK | 50 titulares extraídos
2026-06-22 23:01:44,416 INFO     [PROVINCIAL] EL CHORRILLERO (San Luis) — https://www.elchorrillero.com
2026-06-22 23:01:45,179 INFO       → OK | 50 titulares extraídos
2026-06-22 23:01:47,181 INFO     [PROVINCIAL] VILLA MERCEDES INFO (San Luis) — https://www.villamercedes.info
2026-06-22 23:01:49,273 INFO       → OK | 43 titulares extraídos
2026-06-22 23:01:51,275 INFO     [PROVINCIAL] EL ANCASTI (Catamarca) — https://www.elancasti.com.ar
2026-06-22 23:01:51,703 INFO       → OK | 50 titulares extraídos
2026-06-22 23:01:53,704 INFO     [PROVINCIAL] EL ESQUIÚ (Catamarca) — https://www.elesquiu.com
2026-06-22 23:01:53,859 INFO       → OK | 50 titulares extraídos
2026-06-22 23:01:55,860 INFO     [PROVINCIAL] LA UNIÓN (Catamarca) — https://www.launion.digital
2026-06-22 23:01:56,236 INFO       → OK | 50 titulares extraídos
2026-06-22 23:01:58,240 INFO     [PROVINCIAL] EL TRIBUNO (Jujuy) — https://www.eltribunodejujuy.com
2026-06-22 23:01:58,757 INFO       → OK | 50 titulares extraídos
2026-06-22 23:02:00,758 INFO     [PROVINCIAL] LEA (Jujuy) — https://www.periodicolea.com.ar
2026-06-22 23:02:01,454 INFO       → OK | 46 titulares extraídos
2026-06-22 23:02:03,456 INFO     [PROVINCIAL] PREGÓN (Jujuy) — https://www.pregon.com.ar
2026-06-22 23:02:05,089 INFO       → OK | 50 titulares extraídos
2026-06-22 23:02:07,095 INFO     [PROVINCIAL] EL INDEPENDIENTE (La Rioja) — https://www.elindependiente.com.ar
2026-06-22 23:02:07,331 INFO       → OK | 50 titulares extraídos
2026-06-22 23:02:09,335 INFO     [PROVINCIAL] NUEVA RIOJA (La Rioja) — https://www.nuevarioja.com.ar
2026-06-22 23:02:09,622 INFO       → OK | 50 titulares extraídos
2026-06-22 23:02:11,628 INFO     [PROVINCIAL] RIOJA VIRTUAL (La Rioja) — https://www.riojavirtual.com.ar
2026-06-22 23:02:13,840 INFO       → OK | 8 titulares extraídos
2026-06-22 23:02:15,841 INFO     [PROVINCIAL] EL TRIBUNO (Salta) — https://www.eltribuno.com
2026-06-22 23:02:16,336 INFO       → OK | 50 titulares extraídos
2026-06-22 23:02:18,337 INFO     [PROVINCIAL] NUEVO DIARIO (Salta) — https://www.nuevodiariodesalta.com.ar
2026-06-22 23:02:18,952 INFO       → OK | 41 titulares extraídos
2026-06-22 23:02:20,962 INFO     [PROVINCIAL] PUNTO UNO (Salta) — https://www.diariopuntouno.com.ar
2026-06-22 23:02:23,129 INFO       → OK | 0 titulares extraídos
2026-06-22 23:02:25,130 INFO     [PROVINCIAL] EL LIBERAL (Santiago del Estero) — https://www.elliberal.com.ar
2026-06-22 23:02:26,304 INFO       → OK | 50 titulares extraídos
2026-06-22 23:02:28,308 INFO     [PROVINCIAL] NUEVO DIARIO (Santiago del Estero) — https://www.nuevodiarioweb.com.ar
2026-06-22 23:02:28,523 INFO       → OK | 50 titulares extraídos
2026-06-22 23:02:30,526 INFO     [PROVINCIAL] PANORAMA (Santiago del Estero) — https://www.diariopanorama.com
2026-06-22 23:02:32,237 INFO       → OK | 50 titulares extraídos
2026-06-22 23:02:34,241 INFO     [PROVINCIAL] CONTEXTO (Tucumán) — https://www.contextotucuman.com.ar
2026-06-22 23:02:34,425 WARNING    → FALLO (ConnectionError) | sin titulares
2026-06-22 23:02:36,426 INFO     [PROVINCIAL] EL TUCUMANO (Tucumán) — https://www.eltucumano.com
2026-06-22 23:02:38,333 INFO       → OK | 50 titulares extraídos
2026-06-22 23:02:40,339 INFO     [PROVINCIAL] LA GACETA (Tucumán) — https://www.lagaceta.com.ar
2026-06-22 23:02:40,763 INFO       → OK | 50 titulares extraídos
2026-06-22 23:02:42,765 INFO     [PROVINCIAL] DIARIO CHACO (Chaco) — https://www.diariochaco.com
2026-06-22 23:02:43,139 INFO       → OK | 50 titulares extraídos
2026-06-22 23:02:45,142 INFO     [PROVINCIAL] LA VOZ DEL CHACO (Chaco) — https://www.diariolavozdelchaco.com
2026-06-22 23:02:47,580 INFO       → OK | 50 titulares extraídos
2026-06-22 23:02:49,585 INFO     [PROVINCIAL] NORTE (Chaco) — https://www.diarionorte.com
2026-06-22 23:02:50,022 INFO       → OK | 50 titulares extraídos
2026-06-22 23:02:52,025 INFO     [PROVINCIAL] EL LIBERTADOR (Corrientes) — https://www.diarioellibertador.com.ar
2026-06-22 23:02:53,209 INFO       → OK | 46 titulares extraídos
2026-06-22 23:02:55,210 INFO     [PROVINCIAL] EL LITORAL (Corrientes) — https://www.ellitoral.com.ar
2026-06-22 23:02:55,808 INFO       → OK | 50 titulares extraídos
2026-06-22 23:02:57,819 INFO     [PROVINCIAL] ÉPOCA (Corrientes) — https://www.diarioepoca.com
2026-06-22 23:02:58,179 INFO       → OK | 50 titulares extraídos
2026-06-22 23:03:00,185 INFO     [PROVINCIAL] EL COMERCIAL (Formosa) — https://www.elcomercial.com.ar
2026-06-22 23:03:00,536 INFO       → OK | 46 titulares extraídos
2026-06-22 23:03:02,537 INFO     [PROVINCIAL] FORMOSA (Formosa) — https://www.diarioformosa.net
2026-06-22 23:03:03,608 INFO       → OK | 36 titulares extraídos
2026-06-22 23:03:05,610 INFO     [PROVINCIAL] FORMOSA AHORA (Formosa) — https://www.formosaahora.com.ar
2026-06-22 23:03:08,014 INFO       → OK | 19 titulares extraídos
2026-06-22 23:03:10,016 INFO     [PROVINCIAL] EL TERRITORIO (Misiones) — https://www.elterritorio.com.ar
2026-06-22 23:03:10,780 INFO       → OK | 50 titulares extraídos
2026-06-22 23:03:12,783 INFO     [PROVINCIAL] MISIONES ON LINE (Misiones) — https://www.misionesonline.net
2026-06-22 23:03:13,661 INFO       → OK | 50 titulares extraídos
2026-06-22 23:03:15,666 INFO     [PROVINCIAL] PRIMERA EDICIÓN (Misiones) — https://www.primeraedicion.com.ar
2026-06-22 23:03:16,061 INFO       → OK | 50 titulares extraídos
2026-06-22 23:03:18,067 INFO     [PROVINCIAL] ADN SUR (Chubut) — https://www.adnsur.com.ar
2026-06-22 23:03:18,419 INFO       → OK | 50 titulares extraídos
2026-06-22 23:03:20,423 INFO     [PROVINCIAL] CRÓNICA (Chubut) — https://www.diariocronica.com.ar
2026-06-22 23:03:21,049 INFO       → OK | 50 titulares extraídos
2026-06-22 23:03:23,051 INFO     [PROVINCIAL] EL PATAGÓNICO (Chubut) — https://www.elpatagonico.com
2026-06-22 23:03:23,351 INFO       → OK | 50 titulares extraídos
2026-06-22 23:03:25,356 INFO     [PROVINCIAL] EL DIARIO DE LA PAMPA (La Pampa) — https://www.eldiariodelapampa.com.ar
2026-06-22 23:03:26,532 INFO       → OK | 50 titulares extraídos
2026-06-22 23:03:28,536 INFO     [PROVINCIAL] LA ARENA (La Pampa) — https://www.laarena.com.ar
2026-06-22 23:03:29,635 INFO       → OK | 50 titulares extraídos
2026-06-22 23:03:31,639 INFO     [PROVINCIAL] PLAN B NOTICIAS (La Pampa) — https://www.planbnoticias.com.ar
2026-06-22 23:03:33,362 INFO       → OK | 43 titulares extraídos
2026-06-22 23:03:35,366 INFO     [PROVINCIAL] CUTRAL CO AL INSTANTE (Neuquén) — https://www.cutralcoalinstante.com
2026-06-22 23:03:37,317 INFO       → OK | 28 titulares extraídos
2026-06-22 23:03:39,319 INFO     [PROVINCIAL] LM NEUQUÉN (Neuquén) — https://www.lmneuquen.com
2026-06-22 23:03:39,706 INFO       → OK | 50 titulares extraídos
2026-06-22 23:03:41,710 INFO     [PROVINCIAL] LIMAY NOTICIAS (Neuquén) — https://www.limaynoticias.com.ar
2026-06-22 23:03:42,868 INFO       → OK | 50 titulares extraídos
2026-06-22 23:03:44,869 INFO     [PROVINCIAL] EL CORDILLERANO (Río Negro) — https://www.elcordillerano.com.ar
2026-06-22 23:03:45,633 INFO       → OK | 50 titulares extraídos
2026-06-22 23:03:47,634 INFO     [PROVINCIAL] RÍO NEGRO (Río Negro) — https://www.rionegro.com.ar
2026-06-22 23:03:49,305 INFO       → OK | 50 titulares extraídos
2026-06-22 23:03:51,309 INFO     [PROVINCIAL] NOTICIASNET (Río Negro) — https://www.noticiasnet.com.ar
2026-06-22 23:03:51,965 INFO       → OK | 50 titulares extraídos
2026-06-22 23:03:53,970 INFO     [PROVINCIAL] LA OPINIÓN AUSTRAL (Santa Cruz) — https://www.laopinionaustral.com.ar
2026-06-22 23:03:55,498 INFO       → OK | 50 titulares extraídos
2026-06-22 23:03:57,500 INFO     [PROVINCIAL] NUEVO DÍA (Santa Cruz) — https://www.eldiarionuevodia.com.ar
2026-06-22 23:03:57,692 INFO       → OK | 50 titulares extraídos
2026-06-22 23:03:59,695 INFO     [PROVINCIAL] TIEMPO SUR (Santa Cruz) — https://www.tiemposur.com.ar
2026-06-22 23:04:00,303 INFO       → OK | 50 titulares extraídos
2026-06-22 23:04:02,307 INFO     [PROVINCIAL] EL SUREÑO (Tierra del Fuego) — https://www.surenio.com.ar
2026-06-22 23:04:02,763 INFO       → OK | 50 titulares extraídos
2026-06-22 23:04:04,771 INFO     [PROVINCIAL] MINUTO FUEGUINO (Tierra del Fuego) — https://www.minutofueguino.com
2026-06-22 23:04:04,795 WARNING    → FALLO (ConnectionError) | sin titulares
2026-06-22 23:04:06,807 INFO     [PROVINCIAL] RED 23 NOTICIAS (Tierra del Fuego) — https://www.red23noticias.com.ar
2026-06-22 23:04:07,060 INFO       → OK | 50 titulares extraídos
2026-06-22 23:04:09,063 INFO     [NACIONAL] INFOBAE (Nacional) — https://www.infobae.com
2026-06-22 23:04:09,576 INFO       → OK | 50 titulares extraídos
2026-06-22 23:04:11,581 INFO     [NACIONAL] LA NACIÓN (Nacional) — https://www.lanacion.com.ar
2026-06-22 23:04:11,929 INFO       → OK | 50 titulares extraídos
2026-06-22 23:04:13,945 INFO     [NACIONAL] CLARÍN (Nacional) — https://www.clarin.com
2026-06-22 23:04:14,378 INFO       → OK | 50 titulares extraídos
2026-06-22 23:04:16,383 INFO     [NACIONAL] PÁGINA 12 (Nacional) — https://www.pagina12.com.ar
2026-06-22 23:04:16,809 INFO       → OK | 50 titulares extraídos
2026-06-22 23:04:18,819 INFO     [NACIONAL] PERFIL (Nacional) — https://www.perfil.com
2026-06-22 23:04:19,094 INFO       → OK | 50 titulares extraídos
2026-06-22 23:04:21,100 INFO     [NACIONAL] EL DESTAPE (Nacional) — https://www.eldestapeweb.com
2026-06-22 23:04:21,327 INFO       → OK | 50 titulares extraídos
2026-06-22 23:04:23,344 INFO     [NACIONAL] LA POLÍTICA ONLINE (Nacional) — https://www.lapoliticaonline.com.ar
2026-06-22 23:04:24,391 INFO       → OK | 50 titulares extraídos
2026-06-22 23:04:26,393 INFO     [NACIONAL] TIEMPO ARGENTINO (Nacional) — https://www.tiempoar.com.ar
2026-06-22 23:04:26,633 INFO       → OK | 50 titulares extraídos
2026-06-22 23:04:28,639 INFO     [NACIONAL] LA PRENSA (Nacional) — https://www.laprensa.com.ar
2026-06-22 23:04:29,433 INFO       → OK | 50 titulares extraídos
2026-06-22 23:04:31,433 INFO     [NACIONAL] ÁMBITO FINANCIERO (Nacional) — https://www.ambito.com
2026-06-22 23:04:31,705 INFO       → OK | 50 titulares extraídos
2026-06-22 23:04:31,747 INFO     ============================================================
2026-06-22 23:04:31,747 INFO     Resumen: 79 medios procesados | 75 exitosos | 4 fallidos | 3566 titulares totales
2026-06-22 23:04:31,747 INFO     Titulares → C:\Users\mflor\OneDrive\Documentos\GitHub\monitor-conflictos\datos\crudos\2026-W26\titulares.csv
2026-06-22 23:04:31,747 INFO     HTML crudos → C:\Users\mflor\OneDrive\Documentos\GitHub\monitor-conflictos\datos\crudos\2026-W26/
